=========================================================
Input parameters for the REST calculation
=========================================================
Calculation type: Single-point energy
The exchange-correlation method: xyg3
Print level:                2
The number of threads used for parallelism:      4
The spheric-GTO basis set is taken from cc-pVDZ
The spheric-GTO auxiliary basis set is taken from def2-SV(P)-JKFIT
Charge:   0; Spin:   3
Spin polarization: Off
Input molecular structure (in Angstrom): ----------
N        0.00000000      0.00000000      0.00000000
N        1.00000000      0.00000000      0.00000000
End of molecular structure ------------------------
ERI Type: ri_v
SCF convergency thresholds: 1e-8 for density matrix
                            1e-6 Ha. for sum of eigenvalues
                            1e-8 Ha. for total energy
Max. SCF cycle number:      100
It is a finite cluster calculation
The specified checkfile exists but is not loaded because the keyword 'external_init_guess' is specified
It will be updated after the SCF procedure 
(none)
Turn on the basis pair symmetry for RI 3D-tensors
The pruning method is nwchem
The radial grid generation method is treutler
min_num_angular_points: 110
max_num_angular_points: 590
hardness: 3
Grid generation level: 3
Even tempered basis generation: false
The diis mixing with (param, max_vec_len) = (0.2, 8) is employed for the SCF procedure
Turn on the diis mixing after 1 step(s) of SCF iteractions with the linear mixing
Initial guess is prepared by (sad).
=========================================================
the scf functional for 'xyg3' contains
The density functional 'B3LYP' belongs to the 'Hybrid GGA' family and is defined in the reference(s):
(0): P. J. Stephens, F. J. Devlin, C. F. Chabalowski, and M. J. Frisch.,  J. Phys. Chem. 98, 11623 (1994)
the post-scf functional 'xyg3' is employed, which contains
The density functional 'Slater exchange' belongs to the 'LDA' family and is defined in the reference(s):
(0): P. A. M. Dirac.,  Math. Proc. Cambridge Philos. Soc. 26, 376 (1930)
(1): F. Bloch.,  Z. Phys. 57, 545 (1929)
The density functional 'Becke 88' belongs to the 'GGA' family and is defined in the reference(s):
(0): A. D. Becke.,  Phys. Rev. A 38, 3098 (1988)
The density functional 'Vosko, Wilk & Nusair (VWN5_RPA)' belongs to the 'LDA' family and is defined in the reference(s):
(0): S. H. Vosko, L. Wilk, and M. Nusair.,  Can. J. Phys. 58, 1200 (1980)
The density functional 'Lee, Yang & Parr' belongs to the 'GGA' family and is defined in the reference(s):
(0): C. Lee, W. Yang, and R. G. Parr.,  Phys. Rev. B 37, 785 (1988)
(1): B. Miehlich, A. Savin, H. Stoll, and H. Preuss.,  Chem. Phys. Lett. 157, 200 (1989)
For SCF calculation, no core orbital is frozen by effective core potential (ECP) approximation
Libxc version used in REST: 7.0.0
nbas: 8, natm: 2 for standard basis sets
First valence state for the frozen-core algorithm:     0
final nbas: 58,final natm: 4
numbasis: 60, num_auxbas: 154
Molecule_name: N2, example
job_type = "SinglePoint"
print_level = 2
basis_path = "cc-pVDZ"
basis_type = "spheric"
auxbas_path = "def2-SV(P)-JKFIT"
auxbas_type = "spheric"
use_auxbas = true
even_tempered_basis = false
etb_start_atom_number = 37
etb_beta = 2.0
ri_k_only = false
auxbasis_response = false
numerical_force = false
use_isdf = false
isdf_k_only = false
isdf_k_mu = 8
isdf_new = false
eri_type = "ri_v"
use_ri_symm = true
xc = "xyg3"
xc_type = "Standard"
post_xc = []
post_correlation = []
post_ai_correction = "none"
charge = 0.0
spin = 3.0
spin_channel = 1
spin_polarization = false
frozen_core_postscf = 0
frequency_points = 20
lambda_points = 20
freq_grid_type = 0
freq_cut_off = 10.0
radial_precision = 0.000000000001
min_num_angular_points = 110
max_num_angular_points = 590
grid_gen_level = 3
hardness = 3
pruning = "nwchem"
rad_grid_method = "treutler"
external_grids = "grids"
mixer = "diis"
mix_param = 0.2
num_max_diis = 8
start_diis_cycle = 1
start_check_oscillation = 20
level_shift = 0.5
max_scf_cycle = 100
scf_acc_rho = 0.00000001
scf_acc_eev = 0.000001
scf_acc_etot = 0.00000001
restart = false
chkfile = "none"
chkfile_type = "hdf5"
guessfile = "none"
guessfile_type = "none"
external_init_guess = false
initial_guess = "sad"
noiter = false
check_stab = false
use_dm_only = false
use_ri_vj = true
fciqmc_dump = false
outputs = []
cube_orb_setting = [3.0, 80.0]
cube_orb_indices = []
atom_sad = false
occupation_type = "INTEGER"
frac_tolerant = 0.001
deep_pot = false
bench_eps = false
num_threads = 4
batch_size = 64
nforce_displacement = 0.0013
ndipole_displacement = 0.0003
force_state_occupation = []
auxiliary_reference_states = []
pt2_mpi_mode = 0

Restricted open shell Hartree-Fock (or Kohn-Sham) algorithm is invoked.
Nuc_energy:      25.92968321 Hartree
no empirical dispersion correction is employed
No ghost effective potential
No ghost point charges
Detailed time report:
prim ri   |:    0.012 s for for the pure three-center integrals
aux_ij    |:    0.002 s for for the coulomb matrix of auxiliary basis
ri_v      |:    0.002 s for for RI dot aux_v^{-1/2}
all ri    |:    0.081 s for for the total evaluations of ri3fn
inv_sqrt  |:    0.065 s for for the sqrt inverse of aux_ij
Overlap matrix is nonsigular:
  Lowest eigenvalue:       0.00087795 with the total number of basis functions:     60
Grid size: 28092
Generate SAD of N
the functional of 'hf' contains
For SCF calculation, no core orbital is frozen by effective core potential (ECP) approximation
Libxc version used in REST: 7.0.0
nbas: 4, natm: 1 for standard basis sets
First valence state for the frozen-core algorithm:     0
final nbas: 29,final natm: 2
numbasis: 30, num_auxbas: 77
Restricted Hartree-Fock (or Kohn-Sham) algorithm is invoked.
Nuc_energy:       0.00000000 Hartree
No ghost effective potential
No ghost point charges
Overlap matrix is nonsigular:
  Lowest eigenvalue:       0.01598745 with the total number of basis functions:     30
Grid size: 14046
Initial guess from SAP
The evaluation of vmat costs             0.03 seconds
The total energy:       -53.8312067072 Ha by the initial guess
Energy:     -53.8510738620 Ha after    1 iterations (in       0.01 seconds).
SCF Change: DM 8.35002e-4; eev 4.48807e-2 Ha; etot 6.00193e-3 Ha
Energy:     -53.8450719362 Ha after    2 iterations (in       0.01 seconds).
SCF Change: DM 1.08279e-4; eev 1.02946e-2 Ha; etot 2.27995e-3 Ha
Energy:     -53.8427919858 Ha after    3 iterations (in       0.01 seconds).
SCF Change: DM 2.73353e-4; eev 1.05419e-2 Ha; etot -1.05608e-3 Ha
Energy:     -53.8438480638 Ha after    4 iterations (in       0.00 seconds).
SCF Change: DM 4.16832e-5; eev 4.68574e-3 Ha; etot -3.70987e-4 Ha
Energy:     -53.8442190503 Ha after    5 iterations (in       0.00 seconds).
SCF Change: DM 8.77983e-5; eev 3.31459e-3 Ha; etot 3.98361e-4 Ha
Energy:     -53.8438206894 Ha after    6 iterations (in       0.00 seconds).
SCF Change: DM 1.41306e-5; eev 1.89460e-3 Ha; etot 1.02301e-4 Ha
Energy:     -53.8437183888 Ha after    7 iterations (in       0.00 seconds).
SCF Change: DM 2.59932e-5; eev 8.44488e-4 Ha; etot -1.26250e-4 Ha
Energy:     -53.8438446388 Ha after    8 iterations (in       0.00 seconds).
SCF Change: DM 7.56849e-6; eev 6.03569e-4 Ha; etot -3.01255e-8 Ha
Energy:     -53.8438446690 Ha after    9 iterations (in       0.00 seconds).
SCF Change: DM 4.67295e-7; eev 9.08075e-6 Ha; etot -6.80871e-9 Ha
Energy:     -53.8438446758 Ha after   10 iterations (in       0.00 seconds).
SCF Change: DM 1.00933e-7; eev 2.58360e-6 Ha; etot -9.35074e-12 Ha
Energy:     -53.8438446758 Ha after   11 iterations (in       0.00 seconds).
SCF Change: DM 2.95591e-9; eev 4.56607e-8 Ha; etot -3.12639e-13 Ha
Energy:     -53.8438446758 Ha after   12 iterations (in       0.00 seconds).
SCF Change: DM 2.66766e-11; eev 5.37008e-10 Ha; etot -2.13163e-14 Ha
Energy:     -53.8438446758 Ha after   13 iterations (in       0.00 seconds).
SCF is converged after   13 iterations.
the job spends             0.30 seconds
electron number in alpha-channel:   6.99999973
electron number in beta-channel:    6.99999973
Exc:     -10.92660159, Vxc:      -6.99508862
Initial guess energy using single atom density (SAD):    -109.9685136582132117
Detailed time report:
CInt      |:    0.084 s for Two, Three, and Four-center integrals
Overall   |:    2.622 s for SCF Preparation
DFT Grids |:    1.855 s for Initialization of the tabulated Grids and AOs
ISDF      |:    0.000 s for ISDF initialization
InitGuess |:    0.683 s for Prepare initial guess
electron number in alpha-channel:   7.99999964
electron number in beta-channel:    5.99999971
Exc:     -11.42643525, Vxc:      -7.32148635
The total energy:      -109.1317617702 Ha by the initial guess
electron number in alpha-channel:   7.99999969
electron number in beta-channel:    5.99999973
Exc:     -10.98965783, Vxc:      -7.03700491
Energy:    -109.1421002059 Ha with <S^2> =  2.000 and <2S+1> =  3.000 after    1 iterations (in       0.18 seconds).
Detailed timing info in this SCF step:
prepare_next_input:            0.18s
diagonalize_hamiltonian:       0.00s
generate_density_matrix:       0.00s
check_scf_convergence:         0.00s
scf_records.update:            0.00s
electron number in alpha-channel:   7.99999966
electron number in beta-channel:    5.99999972
Exc:     -11.27512584, Vxc:      -7.22267744
SCF Change: DM (5.53724e-3,3.15405e-3); eev  1.16421e0 Ha; etot -4.78663e-2 Ha
Energy:    -109.1899664799 Ha with <S^2> =  2.000 and <2S+1> =  3.000 after    2 iterations (in       0.18 seconds).
Detailed timing info in this SCF step:
prepare_next_input:            0.18s
diagonalize_hamiltonian:       0.00s
generate_density_matrix:       0.00s
check_scf_convergence:         0.00s
scf_records.update:            0.00s
electron number in alpha-channel:   7.99999968
electron number in beta-channel:    5.99999972
Exc:     -11.16836363, Vxc:      -7.15340027
SCF Change: DM (2.02541e-3,1.14044e-3); eev 4.09210e-1 Ha; etot -6.96234e-3 Ha
Energy:    -109.1969288163 Ha with <S^2> =  2.000 and <2S+1> =  3.000 after    3 iterations (in       0.17 seconds).
Detailed timing info in this SCF step:
prepare_next_input:            0.17s
diagonalize_hamiltonian:       0.00s
generate_density_matrix:       0.00s
check_scf_convergence:         0.00s
scf_records.update:            0.00s
electron number in alpha-channel:   7.99999967
electron number in beta-channel:    5.99999972
Exc:     -11.21103606, Vxc:      -7.18112019
SCF Change: DM (8.20094e-4,4.59627e-4); eev 1.66780e-1 Ha; etot -1.05757e-3 Ha
Energy:    -109.1979863908 Ha with <S^2> =  2.000 and <2S+1> =  3.000 after    4 iterations (in       0.18 seconds).
Detailed timing info in this SCF step:
prepare_next_input:            0.17s
diagonalize_hamiltonian:       0.00s
generate_density_matrix:       0.00s
check_scf_convergence:         0.00s
scf_records.update:            0.00s
electron number in alpha-channel:   7.99999967
electron number in beta-channel:    5.99999972
Exc:     -11.19471744, Vxc:      -7.17052643
SCF Change: DM (3.06005e-4,1.74155e-4); eev 6.31330e-2 Ha; etot -1.58957e-4 Ha
Energy:    -109.1981453475 Ha with <S^2> =  2.000 and <2S+1> =  3.000 after    5 iterations (in       0.18 seconds).
Detailed timing info in this SCF step:
prepare_next_input:            0.17s
diagonalize_hamiltonian:       0.00s
generate_density_matrix:       0.00s
check_scf_convergence:         0.00s
scf_records.update:            0.00s
electron number in alpha-channel:   7.99999967
electron number in beta-channel:    5.99999972
Exc:     -11.20111762, Vxc:      -7.17468314
SCF Change: DM (1.23177e-4,6.79607e-5); eev 2.49292e-2 Ha; etot -2.40165e-5 Ha
Energy:    -109.1981693640 Ha with <S^2> =  2.000 and <2S+1> =  3.000 after    6 iterations (in       0.18 seconds).
Detailed timing info in this SCF step:
prepare_next_input:            0.17s
diagonalize_hamiltonian:       0.00s
generate_density_matrix:       0.00s
check_scf_convergence:         0.00s
scf_records.update:            0.00s
electron number in alpha-channel:   7.99999967
electron number in beta-channel:    5.99999972
Exc:     -11.19864544, Vxc:      -7.17307805
SCF Change: DM (4.61034e-5,2.62008e-5); eev 9.58513e-3 Ha; etot -3.62351e-6 Ha
Energy:    -109.1981729875 Ha with <S^2> =  2.000 and <2S+1> =  3.000 after    7 iterations (in       0.18 seconds).
Detailed timing info in this SCF step:
prepare_next_input:            0.18s
diagonalize_hamiltonian:       0.00s
generate_density_matrix:       0.00s
check_scf_convergence:         0.00s
scf_records.update:            0.00s
electron number in alpha-channel:   7.99999967
electron number in beta-channel:    5.99999972
Exc:     -11.19961044, Vxc:      -7.17370475
SCF Change: DM (1.85531e-5,1.01421e-5); eev 3.75484e-3 Ha; etot -5.47213e-7 Ha
Energy:    -109.1981735347 Ha with <S^2> =  2.000 and <2S+1> =  3.000 after    8 iterations (in       0.18 seconds).
Detailed timing info in this SCF step:
prepare_next_input:            0.18s
diagonalize_hamiltonian:       0.00s
generate_density_matrix:       0.00s
check_scf_convergence:         0.00s
scf_records.update:            0.00s
electron number in alpha-channel:   7.99999967
electron number in beta-channel:    5.99999972
Exc:     -11.19923668, Vxc:      -7.17346207
SCF Change: DM (6.95299e-6,3.94621e-6); eev 1.45013e-3 Ha; etot -8.26279e-8 Ha
Energy:    -109.1981736173 Ha with <S^2> =  2.000 and <2S+1> =  3.000 after    9 iterations (in       0.18 seconds).
Detailed timing info in this SCF step:
prepare_next_input:            0.18s
diagonalize_hamiltonian:       0.00s
generate_density_matrix:       0.00s
check_scf_convergence:         0.00s
scf_records.update:            0.00s
electron number in alpha-channel:   7.99999967
electron number in beta-channel:    5.99999972
Exc:     -11.19938234, Vxc:      -7.17355667
SCF Change: DM (2.79826e-6,1.52171e-6); eev 5.66551e-4 Ha; etot -1.24789e-8 Ha
Energy:    -109.1981736298 Ha with <S^2> =  2.000 and <2S+1> =  3.000 after   10 iterations (in       0.18 seconds).
Detailed timing info in this SCF step:
prepare_next_input:            0.18s
diagonalize_hamiltonian:       0.00s
generate_density_matrix:       0.00s
check_scf_convergence:         0.00s
scf_records.update:            0.00s
electron number in alpha-channel:   7.99999967
electron number in beta-channel:    5.99999972
Exc:     -11.19932586, Vxc:      -7.17352000
SCF Change: DM (1.04959e-6,5.95578e-7); eev 2.19187e-4 Ha; etot -1.88476e-9 Ha
Energy:    -109.1981736317 Ha with <S^2> =  2.000 and <2S+1> =  3.000 after   11 iterations (in       0.18 seconds).
Detailed timing info in this SCF step:
prepare_next_input:            0.18s
diagonalize_hamiltonian:       0.00s
generate_density_matrix:       0.00s
check_scf_convergence:         0.00s
scf_records.update:            0.00s
electron number in alpha-channel:   7.99999967
electron number in beta-channel:    5.99999972
Exc:     -11.19934786, Vxc:      -7.17353428
SCF Change: DM (4.22373e-7,2.28959e-7); eev 8.55276e-5 Ha; etot -2.84757e-10 Ha
Energy:    -109.1981736320 Ha with <S^2> =  2.000 and <2S+1> =  3.000 after   12 iterations (in       0.18 seconds).
Detailed timing info in this SCF step:
prepare_next_input:            0.18s
diagonalize_hamiltonian:       0.00s
generate_density_matrix:       0.00s
check_scf_convergence:         0.00s
scf_records.update:            0.00s
electron number in alpha-channel:   7.99999967
electron number in beta-channel:    5.99999972
Exc:     -11.19933933, Vxc:      -7.17352874
SCF Change: DM (1.58700e-7,8.99975e-8); eev 3.31202e-5 Ha; etot -4.25757e-11 Ha
Energy:    -109.1981736320 Ha with <S^2> =  2.000 and <2S+1> =  3.000 after   13 iterations (in       0.18 seconds).
Detailed timing info in this SCF step:
prepare_next_input:            0.18s
diagonalize_hamiltonian:       0.00s
generate_density_matrix:       0.00s
check_scf_convergence:         0.00s
scf_records.update:            0.00s
electron number in alpha-channel:   7.99999967
electron number in beta-channel:    5.99999972
Exc:     -11.19934265, Vxc:      -7.17353090
SCF Change: DM (6.41896e-8,3.45023e-8); eev 1.29139e-5 Ha; etot -6.87805e-12 Ha
Energy:    -109.1981736320 Ha with <S^2> =  2.000 and <2S+1> =  3.000 after   14 iterations (in       0.19 seconds).
Detailed timing info in this SCF step:
prepare_next_input:            0.18s
diagonalize_hamiltonian:       0.00s
generate_density_matrix:       0.00s
check_scf_convergence:         0.00s
scf_records.update:            0.00s
electron number in alpha-channel:   7.99999967
electron number in beta-channel:    5.99999972
Exc:     -11.19934136, Vxc:      -7.17353006
SCF Change: DM (2.50977e-8,1.36099e-8); eev 5.00393e-6 Ha; etot -1.30740e-12 Ha
Energy:    -109.1981736320 Ha with <S^2> =  2.000 and <2S+1> =  3.000 after   15 iterations (in       0.18 seconds).
Detailed timing info in this SCF step:
prepare_next_input:            0.18s
diagonalize_hamiltonian:       0.00s
generate_density_matrix:       0.00s
check_scf_convergence:         0.00s
scf_records.update:            0.00s
electron number in alpha-channel:   7.99999967
electron number in beta-channel:    5.99999972
Exc:     -11.19934186, Vxc:      -7.17353039
SCF Change: DM (1.21996e-8,5.20672e-9); eev 1.95007e-6 Ha; etot 6.25278e-13 Ha
Energy:    -109.1981736320 Ha with <S^2> =  2.000 and <2S+1> =  3.000 after   16 iterations (in       0.18 seconds).
Detailed timing info in this SCF step:
prepare_next_input:            0.18s
diagonalize_hamiltonian:       0.00s
generate_density_matrix:       0.00s
check_scf_convergence:         0.00s
scf_records.update:            0.00s
electron number in alpha-channel:   7.99999967
electron number in beta-channel:    5.99999972
Exc:     -11.19934166, Vxc:      -7.17353026
SCF Change: DM (8.32499e-9,2.06727e-9); eev 7.55966e-7 Ha; etot -4.97380e-13 Ha
Energy:    -109.1981736320 Ha with <S^2> =  2.000 and <2S+1> =  3.000 after   17 iterations (in       0.18 seconds).
Detailed timing info in this SCF step:
prepare_next_input:            0.18s
diagonalize_hamiltonian:       0.00s
generate_density_matrix:       0.00s
check_scf_convergence:         0.00s
scf_records.update:            0.00s
SCF is converged after   17 iterations.
electron number in alpha-channel:   7.99999967
electron number in beta-channel:    5.99999972
Exc:     -11.19934174, Vxc:      -7.17353031
   State    Occupation        Eigenvalue
       0       2.00000        -14.403171
       1       2.00000        -14.399092
       2       2.00000         -1.183427
       3       2.00000         -0.534234
       4       2.00000         -0.508033
       5       2.00000         -0.500177
       6       1.00000         -0.411894
       7       1.00000         -0.018499
       8       0.00000          0.012556
       9       0.00000          0.294660
      10       0.00000          0.374821
==========================================
Now evaluate the    PT2 correlation energy
==========================================
generate RI3MO only for occ_range:0..8, vir_range:6..60
Finish the RI3MO generation
WARNING: The RO-PT2 method has been implemented.  
        The contribution parameter of singly excited states has been set to match 'para_mp2_ss': 0.3211.  
        As a result, the contribution of singly excited states is      -0.00247671 * 0.3211 =      -0.00079527 Ha, with alpha:      -0.00122435 * 0.3211 =      -0.00039314 Ha, beta:      -0.00125236 * 0.3211 =      -0.00040213 Ha.  
        However, this contribution is not yet included in the final total energy.
----------------------------------------------------------------------
Methods         :       Total Corr,          OS Corr,          SS Corr
----------------------------------------------------------------------
PT2             :      -0.56142406,      -0.40238006,      -0.15656728
----------------------------------------------------------------------
Fifth-rung correlation energy :      -0.179477993371 Ha
E[XYG3 ]=:    -109.13956101 Ha, Ex[HF]:     -13.24221849 Ha, Ec[PT2  ]:      -0.56142406 Ha
Detailed time report:
c_r5dft   |:    0.014 s for for advanced correlations
ao2mo     |:    0.142 s for for the generation of RI3MO
xc_energy |:    0.102 s for for x_hf, xc_scf, xc_xdh
Mulliken population analysis:
  0-N  :   3.000000
  1-N  :   3.000000

====================================================
              REST: Mission accomplished
====================================================
The SCF energy        :    -109.1981736320 Ha
The (R)-xDH energy    :    -109.1395610075 Ha
Detailed time report:
SCF       |:    6.059 s for the scf procedure
PT2       |:    0.258 s for the PT2 evaluation
Overall   |:    6.318 s for the whole job
