=========================================================
Input parameters for the REST calculation
=========================================================
Calculation type: Single-point energy
The exchange-correlation method: b3lyp
Print level:                2
The number of threads used for parallelism:      4
The spheric-GTO basis set is taken from ./STO-3G
The spheric-GTO auxiliary basis set is taken from ./def2-SV(P)-JKFIT
Charge:   0; Spin:   1
Spin polarization: On
Input molecular structure (in Angstrom): ----------
C       -0.00003800      1.01733200      0.00000000
C        1.01730500     -0.00005800      0.00000000
C        0.00005800     -1.01730500      0.00000000
C       -1.01733200      0.00003800      0.00000000
H       -0.00003300      2.09421000      0.00000000
H        2.09418500     -0.00006400      0.00000000
H        0.00006400     -2.09418500      0.00000000
H       -2.09421000      0.00003300      0.00000000
End of molecular structure ------------------------
ERI Type: ri_v
SCF convergency thresholds: 1e-8 for density matrix
                            1e-6 Ha. for sum of eigenvalues
                            1e-8 Ha. for total energy
Max. SCF cycle number:      100
It is a finite cluster calculation
The specified checkfile exists but is not loaded because the keyword 'external_init_guess' is specified
It will be updated after the SCF procedure 
(none)
Turn on the basis pair symmetry for RI 3D-tensors
The pruning method is nwchem
The radial grid generation method is treutler
min_num_angular_points: 110
max_num_angular_points: 590
hardness: 3
Grid generation level: 3
Even tempered basis generation: false
The diis mixing with (param, max_vec_len) = (0.2, 8) is employed for the SCF procedure
Turn on the diis mixing after 1 step(s) of SCF iteractions with the linear mixing
Initial guess is prepared by (sad).
Initial guess mixing (HOMO-LUMO) is enabled with ratio = 0.3
=========================================================
the functional of 'b3lyp' contains
The density functional 'B3LYP' belongs to the 'Hybrid GGA' family and is defined in the reference(s):
(0): P. J. Stephens, F. J. Devlin, C. F. Chabalowski, and M. J. Frisch.,  J. Phys. Chem. 98, 11623 (1994)
For SCF calculation, no core orbital is frozen by effective core potential (ECP) approximation
Libxc version used in REST: 7.0.0
nbas: 16, natm: 8 for standard basis sets
First valence state for the frozen-core algorithm:     0
final nbas: 140,final natm: 16
numbasis: 24, num_auxbas: 372
Molecule_name: 1
job_type = "SinglePoint"
print_level = 2
basis_path = "./STO-3G"
basis_type = "spheric"
auxbas_path = "./def2-SV(P)-JKFIT"
auxbas_type = "spheric"
use_auxbas = true
even_tempered_basis = false
etb_start_atom_number = 37
etb_beta = 2.0
ri_k_only = false
auxbasis_response = false
numerical_force = false
use_isdf = false
isdf_k_only = false
isdf_k_mu = 8
isdf_new = false
eri_type = "ri_v"
use_ri_symm = true
xc = "b3lyp"
xc_type = "Standard"
post_xc = []
post_correlation = []
post_ai_correction = "none"
charge = 0.0
spin = 1.0
spin_channel = 2
spin_polarization = true
frozen_core_postscf = 0
frequency_points = 20
lambda_points = 20
freq_grid_type = 0
freq_cut_off = 10.0
radial_precision = 0.000000000001
min_num_angular_points = 110
max_num_angular_points = 590
grid_gen_level = 3
hardness = 3
pruning = "nwchem"
rad_grid_method = "treutler"
external_grids = "grids"
mixer = "diis"
mix_param = 0.2
num_max_diis = 8
start_diis_cycle = 1
start_check_oscillation = 20
max_scf_cycle = 100
scf_acc_rho = 0.00000001
scf_acc_eev = 0.000001
scf_acc_etot = 0.00000001
restart = false
chkfile = "none"
chkfile_type = "hdf5"
guessfile = "none"
guessfile_type = "none"
external_init_guess = false
initial_guess = "sad"
noiter = false
check_stab = false
use_dm_only = false
use_ri_vj = true
fciqmc_dump = false
outputs = []
cube_orb_setting = [3.0, 80.0]
cube_orb_indices = []
atom_sad = false
occupation_type = "INTEGER"
frac_tolerant = 0.001
deep_pot = false
bench_eps = false
num_threads = 4
batch_size = 64
nforce_displacement = 0.0013
ndipole_displacement = 0.0003
force_state_occupation = []
auxiliary_reference_states = []
pt2_mpi_mode = 0
guess_mix_ratio = 0.3

Unrestricted Hartree-Fock (or Kohn-Sham) algorithm is invoked.
Nuc_energy:      99.44391260 Hartree
no empirical dispersion correction is employed
No ghost effective potential
No ghost point charges
Detailed time report:
prim ri   |:    0.010 s for for the pure three-center integrals
inv_sqrt  |:    0.050 s for for the sqrt inverse of aux_ij
ri_v      |:    0.001 s for for RI dot aux_v^{-1/2}
aux_ij    |:    0.002 s for for the coulomb matrix of auxiliary basis
all ri    |:    0.062 s for for the total evaluations of ri3fn
Overlap matrix is nonsigular:
  Lowest eigenvalue:       0.16901005 with the total number of basis functions:     24
Grid size: 95704
Generate SAD of C
the functional of 'hf' contains
For SCF calculation, no core orbital is frozen by effective core potential (ECP) approximation
Libxc version used in REST: 7.0.0
nbas: 3, natm: 1 for standard basis sets
First valence state for the frozen-core algorithm:     0
final nbas: 28,final natm: 2
numbasis:  5, num_auxbas: 75
Restricted Hartree-Fock (or Kohn-Sham) algorithm is invoked.
Nuc_energy:       0.00000000 Hartree
No ghost effective potential
No ghost point charges
Overlap matrix is nonsigular:
  Lowest eigenvalue:       0.75163760 with the total number of basis functions:      5
Grid size: 13902
Initial guess from SAP
The evaluation of vmat costs             0.02 seconds
The total energy:       -36.7620628048 Ha by the initial guess
Energy:     -36.7620628048 Ha after    1 iterations (in       0.00 seconds).
SCF Change: DM 3.08341e-16; eev 4.64025e-16 Ha; etot -7.10543e-15 Ha
Energy:     -36.7620628048 Ha after    2 iterations (in       0.00 seconds).
SCF is converged after    2 iterations.
the job spends             0.07 seconds
Generate SAD of H
the functional of 'hf' contains
For SCF calculation, no core orbital is frozen by effective core potential (ECP) approximation
Libxc version used in REST: 7.0.0
nbas: 1, natm: 1 for standard basis sets
First valence state for the frozen-core algorithm:     0
final nbas: 7,final natm: 2
numbasis:  1, num_auxbas: 18
Unrestricted Hartree-Fock (or Kohn-Sham) algorithm is invoked.
Nuc_energy:       0.00000000 Hartree
No ghost effective potential
No ghost point charges
Overlap matrix is nonsigular:
  Lowest eigenvalue:       1.00000000 with the total number of basis functions:      1
Grid size: 10024
Initial guess from SAP
The evaluation of vmat costs             0.01 seconds
The total energy:        -0.4665818504 Ha by the initial guess
Energy:      -0.4665818504 Ha with <S^2> =  0.750 and <2S+1> =  2.000 after    1 iterations (in       0.00 seconds).
SCF Change: DM ( 0.00000e0, 0.00000e0); eev  0.00000e0 Ha; etot  0.00000e0 Ha
Energy:      -0.4665818504 Ha with <S^2> =  0.750 and <2S+1> =  2.000 after    2 iterations (in       0.00 seconds).
SCF is converged after    2 iterations.
the job spends             0.02 seconds
electron number in alpha-channel:  15.99998844
electron number in beta-channel:   11.99999472
Exc:     -19.05468045, Vxc:     -12.20695701
Initial guess energy using single atom density (SAD):    -152.9664158869532002
Detailed time report:
CInt      |:    0.064 s for Two, Three, and Four-center integrals
Overall   |:    2.745 s for SCF Preparation
DFT Grids |:    2.250 s for Initialization of the tabulated Grids and AOs
ISDF      |:    0.000 s for ISDF initialization
InitGuess |:    0.431 s for Prepare initial guess
electron number in alpha-channel:  13.99999229
electron number in beta-channel:   13.99999284
Exc:     -18.75341688, Vxc:     -12.01679798
The total energy:      -152.6744997225 Ha by the initial guess
electron number in alpha-channel:  13.93942846
electron number in beta-channel:   13.99999257
Exc:     -18.68613116, Vxc:     -11.97258975
Energy:    -152.6962141062 Ha with <S^2> =  0.260 and <2S+1> =  1.429 after    1 iterations (in       0.29 seconds).
Detailed timing info in this SCF step:
prepare_next_input:            0.29s
diagonalize_hamiltonian:       0.00s
generate_density_matrix:       0.00s
check_scf_convergence:         0.00s
scf_records.update:            0.00s
electron number in alpha-channel:  13.99999251
electron number in beta-channel:   13.99999258
Exc:     -18.74733410, Vxc:     -12.01278166
SCF Change: DM (2.54686e-2,8.65154e-3); eev 2.18880e-1 Ha; etot 4.21364e-2 Ha
Energy:    -152.6540777438 Ha with <S^2> =  0.555 and <2S+1> =  1.795 after    2 iterations (in       0.28 seconds).
Detailed timing info in this SCF step:
prepare_next_input:            0.28s
diagonalize_hamiltonian:       0.00s
generate_density_matrix:       0.00s
check_scf_convergence:         0.00s
scf_records.update:            0.00s
electron number in alpha-channel:  13.99999250
electron number in beta-channel:   13.99999256
Exc:     -18.73923701, Vxc:     -12.00745008
SCF Change: DM (8.51439e-3,9.22603e-3); eev 1.09324e-1 Ha; etot -8.41188e-2 Ha
Energy:    -152.7381965495 Ha with <S^2> =  0.819 and <2S+1> =  2.068 after    3 iterations (in       0.28 seconds).
Detailed timing info in this SCF step:
prepare_next_input:            0.28s
diagonalize_hamiltonian:       0.00s
generate_density_matrix:       0.00s
check_scf_convergence:         0.00s
scf_records.update:            0.00s
electron number in alpha-channel:  13.99999250
electron number in beta-channel:   13.99999253
Exc:     -18.74329243, Vxc:     -12.00994775
SCF Change: DM (1.42098e-2,1.46377e-2); eev 1.00542e-1 Ha; etot -1.48240e-2 Ha
Energy:    -152.7530205615 Ha with <S^2> =  1.079 and <2S+1> =  2.305 after    4 iterations (in       0.29 seconds).
Detailed timing info in this SCF step:
prepare_next_input:            0.29s
diagonalize_hamiltonian:       0.00s
generate_density_matrix:       0.00s
check_scf_convergence:         0.00s
scf_records.update:            0.00s
electron number in alpha-channel:  13.99999252
electron number in beta-channel:   13.99999252
Exc:     -18.76153815, Vxc:     -12.02180731
SCF Change: DM (9.38162e-4,1.42908e-3); eev 2.26123e-2 Ha; etot -1.38306e-2 Ha
Energy:    -152.7668511505 Ha with <S^2> =  1.079 and <2S+1> =  2.306 after    5 iterations (in       0.29 seconds).
Detailed timing info in this SCF step:
prepare_next_input:            0.29s
diagonalize_hamiltonian:       0.00s
generate_density_matrix:       0.00s
check_scf_convergence:         0.00s
scf_records.update:            0.00s
electron number in alpha-channel:  13.99999251
electron number in beta-channel:   13.99999251
Exc:     -18.75975125, Vxc:     -12.02063271
SCF Change: DM (4.77871e-4,3.11912e-4); eev 7.83299e-3 Ha; etot -1.40995e-4 Ha
Energy:    -152.7669921456 Ha with <S^2> =  1.074 and <2S+1> =  2.301 after    6 iterations (in       0.28 seconds).
Detailed timing info in this SCF step:
prepare_next_input:            0.28s
diagonalize_hamiltonian:       0.00s
generate_density_matrix:       0.00s
check_scf_convergence:         0.00s
scf_records.update:            0.00s
electron number in alpha-channel:  13.99999251
electron number in beta-channel:   13.99999251
Exc:     -18.75890631, Vxc:     -12.02008996
SCF Change: DM (7.97677e-5,1.18635e-4); eev 2.25075e-3 Ha; etot -1.96388e-5 Ha
Energy:    -152.7670117844 Ha with <S^2> =  1.074 and <2S+1> =  2.301 after    7 iterations (in       0.29 seconds).
Detailed timing info in this SCF step:
prepare_next_input:            0.28s
diagonalize_hamiltonian:       0.00s
generate_density_matrix:       0.00s
check_scf_convergence:         0.00s
scf_records.update:            0.00s
electron number in alpha-channel:  13.99999251
electron number in beta-channel:   13.99999251
Exc:     -18.75896054, Vxc:     -12.02012630
SCF Change: DM (4.14750e-5,4.99849e-5); eev 5.53142e-4 Ha; etot -1.27527e-6 Ha
Energy:    -152.7670130597 Ha with <S^2> =  1.074 and <2S+1> =  2.302 after    8 iterations (in       0.28 seconds).
Detailed timing info in this SCF step:
prepare_next_input:            0.28s
diagonalize_hamiltonian:       0.00s
generate_density_matrix:       0.00s
check_scf_convergence:         0.00s
scf_records.update:            0.00s
electron number in alpha-channel:  13.99999251
electron number in beta-channel:   13.99999251
Exc:     -18.75899097, Vxc:     -12.02014610
SCF Change: DM (2.32213e-5,2.33744e-5); eev 2.09074e-4 Ha; etot -2.23214e-7 Ha
Energy:    -152.7670132829 Ha with <S^2> =  1.074 and <2S+1> =  2.302 after    9 iterations (in       0.29 seconds).
Detailed timing info in this SCF step:
prepare_next_input:            0.29s
diagonalize_hamiltonian:       0.00s
generate_density_matrix:       0.00s
check_scf_convergence:         0.00s
scf_records.update:            0.00s
electron number in alpha-channel:  13.99999251
electron number in beta-channel:   13.99999251
Exc:     -18.75900674, Vxc:     -12.02015607
SCF Change: DM (4.59057e-6,4.46522e-6); eev 5.62505e-5 Ha; etot -2.52228e-8 Ha
Energy:    -152.7670133081 Ha with <S^2> =  1.074 and <2S+1> =  2.302 after   10 iterations (in       0.28 seconds).
Detailed timing info in this SCF step:
prepare_next_input:            0.28s
diagonalize_hamiltonian:       0.00s
generate_density_matrix:       0.00s
check_scf_convergence:         0.00s
scf_records.update:            0.00s
electron number in alpha-channel:  13.99999251
electron number in beta-channel:   13.99999251
Exc:     -18.75899929, Vxc:     -12.02015121
SCF Change: DM (1.85083e-6,1.82208e-6); eev 2.22042e-5 Ha; etot -3.62130e-9 Ha
Energy:    -152.7670133118 Ha with <S^2> =  1.074 and <2S+1> =  2.302 after   11 iterations (in       0.28 seconds).
Detailed timing info in this SCF step:
prepare_next_input:            0.28s
diagonalize_hamiltonian:       0.00s
generate_density_matrix:       0.00s
check_scf_convergence:         0.00s
scf_records.update:            0.00s
electron number in alpha-channel:  13.99999251
electron number in beta-channel:   13.99999251
Exc:     -18.75899663, Vxc:     -12.02014948
SCF Change: DM (1.77885e-7,8.06830e-8); eev 1.78990e-6 Ha; etot -2.88594e-10 Ha
Energy:    -152.7670133121 Ha with <S^2> =  1.074 and <2S+1> =  2.302 after   12 iterations (in       0.29 seconds).
Detailed timing info in this SCF step:
prepare_next_input:            0.29s
diagonalize_hamiltonian:       0.00s
generate_density_matrix:       0.00s
check_scf_convergence:         0.00s
scf_records.update:            0.00s
electron number in alpha-channel:  13.99999251
electron number in beta-channel:   13.99999251
Exc:     -18.75899679, Vxc:     -12.02014958
SCF Change: DM (4.13253e-8,1.38999e-8); eev 1.73728e-7 Ha; etot -2.55795e-12 Ha
Energy:    -152.7670133121 Ha with <S^2> =  1.074 and <2S+1> =  2.302 after   13 iterations (in       0.29 seconds).
Detailed timing info in this SCF step:
prepare_next_input:            0.29s
diagonalize_hamiltonian:       0.00s
generate_density_matrix:       0.00s
check_scf_convergence:         0.00s
scf_records.update:            0.00s
electron number in alpha-channel:  13.99999251
electron number in beta-channel:   13.99999251
Exc:     -18.75899678, Vxc:     -12.02014957
SCF Change: DM (5.73289e-9,4.84895e-9); eev 5.83922e-8 Ha; etot -2.55795e-13 Ha
Energy:    -152.7670133121 Ha with <S^2> =  1.074 and <2S+1> =  2.302 after   14 iterations (in       0.29 seconds).
Detailed timing info in this SCF step:
prepare_next_input:            0.29s
diagonalize_hamiltonian:       0.00s
generate_density_matrix:       0.00s
check_scf_convergence:         0.00s
scf_records.update:            0.00s
SCF is converged after   14 iterations.
electron number in alpha-channel:  13.99999251
electron number in beta-channel:   13.99999251
Exc:     -18.75899678, Vxc:     -12.02014958
Spin-up eigenvalues
 
   State    Occupation        Eigenvalue
       0       1.00000         -9.996001
       1       1.00000         -9.995958
       2       1.00000         -9.984490
       3       1.00000         -9.984383
       4       1.00000         -0.822631
       5       1.00000         -0.605816
       6       1.00000         -0.575392
       7       1.00000         -0.480529
       8       1.00000         -0.467450
       9       1.00000         -0.336197
      10       1.00000         -0.312040
      11       1.00000         -0.309163
      12       1.00000         -0.303582
      13       1.00000         -0.122984
      14       0.00000          0.045091
      15       0.00000          0.214234
      16       0.00000          0.388031
 
Spin-down eigenvalues
 
   State    Occupation        Eigenvalue
       0       1.00000         -9.996001
       1       1.00000         -9.995958
       2       1.00000         -9.984490
       3       1.00000         -9.984383
       4       1.00000         -0.822631
       5       1.00000         -0.605816
       6       1.00000         -0.575392
       7       1.00000         -0.480529
       8       1.00000         -0.467450
       9       1.00000         -0.336197
      10       1.00000         -0.312040
      11       1.00000         -0.309163
      12       1.00000         -0.303582
      13       1.00000         -0.122984
      14       0.00000          0.045091
      15       0.00000          0.214234
      16       0.00000          0.388031
Mulliken population analysis:
  0-C  :  -0.080540
  1-C  :  -0.080544
  2-C  :  -0.080544
  3-C  :  -0.080540
  4-H  :   0.080542
  5-H  :   0.080541
  6-H  :   0.080541
  7-H  :   0.080542

====================================================
              REST: Mission accomplished
====================================================
The SCF energy        :    -152.7670133121 Ha
Detailed time report:
SCF       |:    7.331 s for the scf procedure
Overall   |:    7.331 s for the whole job
