=========================================================
Input parameters for the REST calculation
=========================================================
Calculation type: Force calculation
The exchange-correlation method: hf
Print level:                1
The number of threads used for parallelism:      4
The spheric-GTO basis set is taken from def2-TZVP
The spheric-GTO auxiliary basis set is taken from def2-SVP-JKFIT
Charge:  -1; Spin:   2
Spin polarization: On
Input molecular structure (in Angstrom): ----------
H        0.00000000      0.00000000      0.00000000
I        0.00000000      0.00000000      3.00000000
End of molecular structure ------------------------
ERI Type: ri_v
SCF convergency thresholds: 1e-8 for density matrix
                            1e-6 Ha. for sum of eigenvalues
                            1e-8 Ha. for total energy
Max. SCF cycle number:      100
It is a finite cluster calculation
The specified checkfile exists but is not loaded because the keyword 'external_init_guess' is specified
It will be updated after the SCF procedure 
(none)
=========================================================
the functional of 'hf' contains
<start_mo> for the frozen-core post-SCF methods 0 is smaller than the number of ecp orbitals 14. Set <start_mo> = 0
Libxc version used in REST: 7.0.0
nbas: 20, natm: 2 for standard basis sets
First valence state for the frozen-core algorithm:     0
final nbas: 72,final natm: 4
numbasis: 56, num_auxbas: 236
Molecule_name: NH3
Unrestricted Hartree-Fock (or Kohn-Sham) algorithm is invoked.
Nuc_energy:       4.40981007 Hartree
No ghost effective potential
No ghost point charges
Overlap matrix is nonsigular:
  Lowest eigenvalue:       0.00571725 with the total number of basis functions:     56
Generate SAD of H
Generate SAD of I
Initial guess energy using single atom density (SAD):    -297.0202693644089891
The total energy:      -297.2106932318 Ha by the initial guess
Energy:    -297.2361851778 Ha with <S^2> =  0.752 and <2S+1> =  2.002 after    1 iterations (in       0.00 seconds).
SCF Change: DM (6.00970e-4,6.51692e-4); eev 3.27685e-1 Ha; etot -2.38671e-3 Ha
Energy:    -297.2385718875 Ha with <S^2> =  0.753 and <2S+1> =  2.003 after    2 iterations (in       0.00 seconds).
SCF Change: DM (1.99511e-4,2.52840e-4); eev 1.20957e-2 Ha; etot -5.71489e-4 Ha
Energy:    -297.2391433769 Ha with <S^2> =  0.753 and <2S+1> =  2.003 after    3 iterations (in       0.00 seconds).
SCF Change: DM (1.34824e-4,1.61017e-4); eev 7.64565e-3 Ha; etot -6.60545e-5 Ha
Energy:    -297.2392094314 Ha with <S^2> =  0.754 and <2S+1> =  2.004 after    4 iterations (in       0.00 seconds).
SCF Change: DM (1.69985e-5,2.08481e-5); eev 1.80460e-3 Ha; etot -1.40274e-5 Ha
Energy:    -297.2392234588 Ha with <S^2> =  0.754 and <2S+1> =  2.004 after    5 iterations (in       0.00 seconds).
SCF Change: DM (4.62436e-6,5.48308e-6); eev 2.90793e-4 Ha; etot -2.97764e-7 Ha
Energy:    -297.2392237566 Ha with <S^2> =  0.754 and <2S+1> =  2.004 after    6 iterations (in       0.00 seconds).
SCF Change: DM (2.19814e-6,2.49309e-6); eev 3.55750e-4 Ha; etot -2.40879e-8 Ha
Energy:    -297.2392237807 Ha with <S^2> =  0.754 and <2S+1> =  2.004 after    7 iterations (in       0.00 seconds).
SCF Change: DM (7.87675e-7,7.69186e-7); eev 9.94776e-5 Ha; etot -3.28242e-9 Ha
Energy:    -297.2392237839 Ha with <S^2> =  0.754 and <2S+1> =  2.004 after    8 iterations (in       0.00 seconds).
SCF Change: DM (1.46033e-7,1.62214e-7); eev 5.82864e-6 Ha; etot -2.91209e-10 Ha
Energy:    -297.2392237842 Ha with <S^2> =  0.754 and <2S+1> =  2.004 after    9 iterations (in       0.00 seconds).
SCF Change: DM (7.94896e-8,8.58672e-8); eev 2.07093e-6 Ha; etot -1.45519e-11 Ha
Energy:    -297.2392237843 Ha with <S^2> =  0.754 and <2S+1> =  2.004 after   10 iterations (in       0.00 seconds).
SCF Change: DM (1.06708e-8,9.31104e-9); eev 2.86586e-7 Ha; etot -3.06954e-12 Ha
Energy:    -297.2392237843 Ha with <S^2> =  0.754 and <2S+1> =  2.004 after   11 iterations (in       0.00 seconds).
SCF Change: DM (3.38495e-9,2.94075e-9); eev 1.14289e-7 Ha; etot -1.13687e-13 Ha
Energy:    -297.2392237843 Ha with <S^2> =  0.754 and <2S+1> =  2.004 after   12 iterations (in       0.00 seconds).
SCF is converged after   12 iterations.
Force calculation invoked
------ Output gradient [a.u.] ------
H        0.00000000     -0.00000000      0.00215771
I       -0.00000000      0.00000000     -0.00215771

------------------------------------
force                   0.194 s for force calculation
Mulliken population analysis:
  0-H  :  -0.039800
  1-I  :  -0.960200

====================================================
              REST: Mission accomplished
====================================================
The SCF energy        :    -297.2392237843 Ha
Detailed time report:
force     |:    0.194 s for force calculation
SCF       |:    0.125 s for the scf procedure
Overall   |:    0.319 s for the whole job
