=========================================================
Input parameters for the REST calculation
=========================================================
Calculation type: Force calculation
The exchange-correlation method: hf
Print level:                1
The number of threads used for parallelism:      4
The spheric-GTO basis set is taken from def2-TZVP
The spheric-GTO auxiliary basis set is taken from def2-SVP-JKFIT
Charge:   2; Spin:   3
Spin polarization: On
Input molecular structure (in Angstrom): ----------
N       -2.19883910      1.89737463      0.00000000
H       -1.17883910      1.89737463      0.00000000
H       -2.53883540      1.09254601     -0.52635864
H       -2.53884003      2.75562717     -0.43382247
End of molecular structure ------------------------
ERI Type: ri_v
SCF convergency thresholds: 1e-8 for density matrix
                            1e-6 Ha. for sum of eigenvalues
                            1e-8 Ha. for total energy
Max. SCF cycle number:      100
It is a finite cluster calculation
The specified checkfile exists but is not loaded because the keyword 'external_init_guess' is specified
It will be updated after the SCF procedure 
(none)
=========================================================
the functional of 'hf' contains
For SCF calculation, no core orbital is frozen by effective core potential (ECP) approximation
Libxc version used in REST: 7.0.0
nbas: 23, natm: 4 for standard basis sets
First valence state for the frozen-core algorithm:     0
final nbas: 66,final natm: 8
numbasis: 49, num_auxbas: 131
Molecule_name: NH3
Unrestricted Hartree-Fock (or Kohn-Sham) algorithm is invoked.
Nuc_energy:      11.84792373 Hartree
No ghost effective potential
No ghost point charges
Overlap matrix is nonsigular:
  Lowest eigenvalue:       0.00506740 with the total number of basis functions:     49
Generate SAD of N
Generate SAD of H
Initial guess energy using single atom density (SAD):     -56.7582351572030177
The total energy:       -54.7033624020 Ha by the initial guess
Energy:     -54.8930420061 Ha with <S^2> =  2.011 and <2S+1> =  3.007 after    1 iterations (in       0.00 seconds).
SCF Change: DM (8.46435e-4,6.09612e-4); eev 3.48102e-1 Ha; etot -1.98084e-2 Ha
Energy:     -54.9128504063 Ha with <S^2> =  2.007 and <2S+1> =  3.005 after    2 iterations (in       0.00 seconds).
SCF Change: DM (5.37472e-4,7.70279e-4); eev 1.47386e-1 Ha; etot -4.42688e-3 Ha
Energy:     -54.9172772904 Ha with <S^2> =  2.008 and <2S+1> =  3.005 after    3 iterations (in       0.00 seconds).
SCF Change: DM (1.83764e-4,1.85697e-4); eev 1.93540e-2 Ha; etot -1.73947e-3 Ha
Energy:     -54.9190167612 Ha with <S^2> =  2.009 and <2S+1> =  3.006 after    4 iterations (in       0.00 seconds).
SCF Change: DM (2.77721e-5,1.81230e-5); eev 2.42864e-3 Ha; etot -1.13432e-4 Ha
Energy:     -54.9191301932 Ha with <S^2> =  2.009 and <2S+1> =  3.006 after    5 iterations (in       0.00 seconds).
SCF Change: DM (6.37707e-6,5.41942e-6); eev 5.90725e-4 Ha; etot -1.94968e-6 Ha
Energy:     -54.9191321428 Ha with <S^2> =  2.009 and <2S+1> =  3.006 after    6 iterations (in       0.00 seconds).
SCF Change: DM (1.34367e-6,1.71785e-6); eev 1.49476e-4 Ha; etot -1.30038e-7 Ha
Energy:     -54.9191322729 Ha with <S^2> =  2.009 and <2S+1> =  3.006 after    7 iterations (in       0.00 seconds).
SCF Change: DM (4.45542e-7,7.27335e-7); eev 5.80037e-5 Ha; etot -1.18134e-8 Ha
Energy:     -54.9191322847 Ha with <S^2> =  2.009 and <2S+1> =  3.006 after    8 iterations (in       0.00 seconds).
SCF Change: DM (2.12685e-7,5.51800e-7); eev 1.47210e-5 Ha; etot -2.25234e-9 Ha
Energy:     -54.9191322869 Ha with <S^2> =  2.009 and <2S+1> =  3.006 after    9 iterations (in       0.00 seconds).
SCF Change: DM (9.11157e-8,2.47599e-7); eev 6.46447e-6 Ha; etot -7.90557e-10 Ha
Energy:     -54.9191322877 Ha with <S^2> =  2.009 and <2S+1> =  3.006 after   10 iterations (in       0.00 seconds).
SCF Change: DM (1.96670e-8,2.92078e-8); eev 6.43187e-6 Ha; etot -1.13126e-10 Ha
Energy:     -54.9191322878 Ha with <S^2> =  2.009 and <2S+1> =  3.006 after   11 iterations (in       0.00 seconds).
SCF Change: DM (5.99738e-9,5.36601e-9); eev 1.41639e-6 Ha; etot -2.31637e-12 Ha
Energy:     -54.9191322878 Ha with <S^2> =  2.009 and <2S+1> =  3.006 after   12 iterations (in       0.00 seconds).
SCF Change: DM (1.49845e-9,1.45099e-9); eev 2.95970e-7 Ha; etot -4.26326e-14 Ha
Energy:     -54.9191322878 Ha with <S^2> =  2.009 and <2S+1> =  3.006 after   13 iterations (in       0.00 seconds).
SCF is converged after   13 iterations.
Force calculation invoked
------ Output gradient [a.u.] ------
N        0.10485587     -0.14450651     -0.04993531
H       -0.13614911      0.05241039      0.00230879
H        0.00283271      0.13465745      0.05609445
H        0.02846053     -0.04256133     -0.00846793

------------------------------------
force                   0.111 s for force calculation
Mulliken population analysis:
  0-N  :   0.296776
  1-H  :   0.606867
  2-H  :   0.606859
  3-H  :   0.489498

====================================================
              REST: Mission accomplished
====================================================
The SCF energy        :     -54.9191322878 Ha
Detailed time report:
Overall   |:    0.177 s for the whole job
SCF       |:    0.067 s for the scf procedure
force     |:    0.111 s for force calculation
